{
  "text": "A: hi\nB: ok\nA: danke\nB: passt"
}


